分类: 📺央视频道, 名称: CCTV-1, 有效: 1, IPv4: 6, IPv6: 0, 最小延迟: 471 ms, 最高速率: 2.72 M/s, 平均速率: 2.72 M/s, 最高分辨率: 1280x720, 平均帧率: 37.50, 视频编解码器: h264, 音频编解码器: aac
分类: 📺央视频道, 名称: CCTV-2, 有效: 0, IPv4: 6, IPv6: 0, 最小延迟: 5094 ms, 最高速率: 0.06 M/s, 平均速率: 0.00 M/s, 最高分辨率: 1280x720, 平均帧率: 25.00, 视频编解码器: h264, 音频编解码器: aac
分类: 📺央视频道, 名称: CCTV-3, 有效: 1, IPv4: 6, IPv6: 0, 最小延迟: 469 ms, 最高速率: 3.67 M/s, 平均速率: 3.67 M/s, 最高分辨率: 1920x1080, 平均帧率: 25.00, 视频编解码器: h264, 音频编解码器: aac
分类: 📺央视频道, 名称: CCTV-4, 有效: 0, IPv4: 5, IPv6: 0, 最小延迟: 7396 ms, 最高速率: 0.35 M/s, 平均速率: 0.00 M/s, 最高分辨率: 1920x1080, 平均帧率: 37.50, 视频编解码器: h264, 音频编解码器: aac
分类: 📺央视频道, 名称: CCTV-5, 有效: 1, IPv4: 6, IPv6: 0, 最小延迟: 978 ms, 最高速率: 3.75 M/s, 平均速率: 3.75 M/s, 最高分辨率: 1280x720, 平均帧率: 25.00, 视频编解码器: h264, 音频编解码器: aac
分类: 📺央视频道, 名称: CCTV-5+, 有效: 2, IPv4: 6, IPv6: 0, 最小延迟: 927 ms, 最高速率: 5.96 M/s, 平均速率: 3.74 M/s, 最高分辨率: 1280x720, 平均帧率: 25.00, 视频编解码器: h264, 音频编解码器: aac
分类: 📺央视频道, 名称: CCTV-6, 有效: 0, IPv4: 5, IPv6: 0, 最小延迟: 10040 ms, 最高速率: 0.26 M/s, 平均速率: 0.00 M/s, 最高分辨率: 1920x1080, 平均帧率: 50.00, 视频编解码器: h264, 音频编解码器: ac3
分类: 📺央视频道, 名称: CCTV-7, 有效: 1, IPv4: 6, IPv6: 0, 最小延迟: 4470 ms, 最高速率: 0.22 M/s, 平均速率: 0.22 M/s, 最高分辨率: 1280x720, 平均帧率: 37.50, 视频编解码器: h264, 音频编解码器: aac
分类: 📺央视频道, 名称: CCTV-8, 有效: 0, IPv4: 6, IPv6: 0, 最小延迟: 2464 ms, 最高速率: 0.16 M/s, 平均速率: 0.00 M/s, 最高分辨率: 1920x1080, 平均帧率: 33.33, 视频编解码器: h264, 音频编解码器: aac
分类: 📺央视频道, 名称: CCTV-9, 有效: 1, IPv4: 5, IPv6: 0, 最小延迟: 1318 ms, 最高速率: 1.44 M/s, 平均速率: 1.44 M/s, 最高分辨率: 1280x720, 平均帧率: 25.00, 视频编解码器: h264, 音频编解码器: aac
分类: 📺央视频道, 名称: CCTV-10, 有效: 1, IPv4: 6, IPv6: 0, 最小延迟: 535 ms, 最高速率: 4.41 M/s, 平均速率: 4.41 M/s, 最高分辨率: 1920x1080, 平均帧率: 25.00, 视频编解码器: h264, 音频编解码器: aac
分类: 📺央视频道, 名称: CCTV-11, 有效: 1, IPv4: 6, IPv6: 0, 最小延迟: 1676 ms, 最高速率: 1.70 M/s, 平均速率: 1.70 M/s, 最高分辨率: 1280x720, 平均帧率: 37.50, 视频编解码器: h264, 音频编解码器: aac
分类: 📺央视频道, 名称: CCTV-12, 有效: 1, IPv4: 5, IPv6: 0, 最小延迟: 475 ms, 最高速率: 2.93 M/s, 平均速率: 2.93 M/s, 最高分辨率: 1280x720, 平均帧率: 25.00, 视频编解码器: h264, 音频编解码器: aac
分类: 📺央视频道, 名称: CCTV-13, 有效: 0, IPv4: 5, IPv6: 0, 最小延迟: 1499 ms, 最高速率: 0.28 M/s, 平均速率: 0.00 M/s, 最高分辨率: 1920x1080, 平均帧率: 37.50, 视频编解码器: h264, 音频编解码器: aac
分类: 📺央视频道, 名称: CCTV-14, 有效: 1, IPv4: 6, IPv6: 0, 最小延迟: 845 ms, 最高速率: 4.99 M/s, 平均速率: 4.99 M/s, 最高分辨率: 1920x1080, 平均帧率: 41.67, 视频编解码器: h264, 音频编解码器: aac
分类: 📺央视频道, 名称: CETV-1, 有效: 0, IPv4: 1, IPv6: 0, 最小延迟: -1 ms, 最高速率: 0.00 M/s, 平均速率: 0.00 M/s, 最高分辨率: None, 平均帧率: 未知, 视频编解码器: 未知, 音频编解码器: 未知
分类: 📺央视频道, 名称: CCTV-16, 有效: 1, IPv4: 3, IPv6: 0, 最小延迟: 599 ms, 最高速率: 7.47 M/s, 平均速率: 7.47 M/s, 最高分辨率: 1920x1080, 平均帧率: 25.00, 视频编解码器: h264, 音频编解码器: aac
分类: 📺央视频道, 名称: CETV-2, 有效: 0, IPv4: 1, IPv6: 0, 最小延迟: -1 ms, 最高速率: 0.00 M/s, 平均速率: 0.00 M/s, 最高分辨率: None, 平均帧率: 未知, 视频编解码器: 未知, 音频编解码器: 未知
分类: 📺央视频道, 名称: CETV-4, 有效: 0, IPv4: 1, IPv6: 0, 最小延迟: -1 ms, 最高速率: 0.00 M/s, 平均速率: 0.00 M/s, 最高分辨率: None, 平均帧率: 未知, 视频编解码器: 未知, 音频编解码器: 未知
分类: 📺央视频道, 名称: CCTV-15, 有效: 0, IPv4: 5, IPv6: 0, 最小延迟: 10401 ms, 最高速率: 0.01 M/s, 平均速率: 0.00 M/s, 最高分辨率: None, 平均帧率: 未知, 视频编解码器: 未知, 音频编解码器: 未知
分类: 📺央视频道, 名称: CCTV-17, 有效: 1, IPv4: 5, IPv6: 0, 最小延迟: 1604 ms, 最高速率: 2.98 M/s, 平均速率: 2.98 M/s, 最高分辨率: 1920x1080, 平均帧率: 37.50, 视频编解码器: h264, 音频编解码器: aac
分类: 📡卫视频道, 名称: 浙江卫视, 有效: 0, IPv4: 4, IPv6: 0, 最小延迟: 1062 ms, 最高速率: 0.30 M/s, 平均速率: 0.00 M/s, 最高分辨率: 1920x1080, 平均帧率: 25.00, 视频编解码器: h264, 音频编解码器: aac
分类: 📡卫视频道, 名称: 广东卫视, 有效: 1, IPv4: 5, IPv6: 0, 最小延迟: 739 ms, 最高速率: 5.04 M/s, 平均速率: 5.04 M/s, 最高分辨率: 1280x720, 平均帧率: 25.00, 视频编解码器: h264, 音频编解码器: aac
分类: 📡卫视频道, 名称: 湖南卫视, 有效: 1, IPv4: 5, IPv6: 0, 最小延迟: 2210 ms, 最高速率: 1.06 M/s, 平均速率: 1.06 M/s, 最高分辨率: 3840x2160, 平均帧率: 31.25, 视频编解码器: hevc, 音频编解码器: aac
分类: 📡卫视频道, 名称: 北京卫视, 有效: 0, IPv4: 6, IPv6: 0, 最小延迟: 7 ms, 最高速率: 15.32 M/s, 平均速率: 0.00 M/s, 最高分辨率: None, 平均帧率: 未知, 视频编解码器: 未知, 音频编解码器: aac
分类: 📡卫视频道, 名称: 湖北卫视, 有效: 0, IPv4: 5, IPv6: 0, 最小延迟: 10482 ms, 最高速率: 0.07 M/s, 平均速率: 0.00 M/s, 最高分辨率: 1920x1080, 平均帧率: 50.00, 视频编解码器: h264, 音频编解码器: mp2
分类: 📡卫视频道, 名称: 安徽卫视, 有效: 0, IPv4: 5, IPv6: 0, 最小延迟: 10366 ms, 最高速率: 0.06 M/s, 平均速率: 0.00 M/s, 最高分辨率: None, 平均帧率: 未知, 视频编解码器: 未知, 音频编解码器: 未知
分类: 📡卫视频道, 名称: 黑龙江卫视, 有效: 0, IPv4: 4, IPv6: 0, 最小延迟: 10596 ms, 最高速率: 0.04 M/s, 平均速率: 0.00 M/s, 最高分辨率: None, 平均帧率: 未知, 视频编解码器: 未知, 音频编解码器: 未知
分类: 📡卫视频道, 名称: 重庆卫视, 有效: 0, IPv4: 5, IPv6: 0, 最小延迟: 10628 ms, 最高速率: 0.09 M/s, 平均速率: 0.00 M/s, 最高分辨率: None, 平均帧率: 未知, 视频编解码器: 未知, 音频编解码器: 未知
分类: 📡卫视频道, 名称: 东方卫视, 有效: 1, IPv4: 5, IPv6: 0, 最小延迟: 225 ms, 最高速率: 11.42 M/s, 平均速率: 11.42 M/s, 最高分辨率: 1920x1080, 平均帧率: 37.50, 视频编解码器: h264, 音频编解码器: aac
分类: 📡卫视频道, 名称: 东南卫视, 有效: 0, IPv4: 4, IPv6: 0, 最小延迟: 10063 ms, 最高速率: 0.07 M/s, 平均速率: 0.00 M/s, 最高分辨率: 1920x1080, 平均帧率: 50.00, 视频编解码器: h264, 音频编解码器: mp2
分类: 📡卫视频道, 名称: 甘肃卫视, 有效: 0, IPv4: 5, IPv6: 0, 最小延迟: 10018 ms, 最高速率: 0.08 M/s, 平均速率: 0.00 M/s, 最高分辨率: 1920x1080, 平均帧率: 50.00, 视频编解码器: h264, 音频编解码器: mp2
分类: 📡卫视频道, 名称: 广西卫视, 有效: 0, IPv4: 5, IPv6: 0, 最小延迟: 10102 ms, 最高速率: 0.11 M/s, 平均速率: 0.00 M/s, 最高分辨率: 720x576, 平均帧率: 50.00, 视频编解码器: h264, 音频编解码器: mp2
分类: 📡卫视频道, 名称: 贵州卫视, 有效: 0, IPv4: 5, IPv6: 0, 最小延迟: 8007 ms, 最高速率: 0.33 M/s, 平均速率: 0.00 M/s, 最高分辨率: 1920x1080, 平均帧率: 50.00, 视频编解码器: h264, 音频编解码器: mp2
分类: 📡卫视频道, 名称: 海南卫视, 有效: 0, IPv4: 4, IPv6: 0, 最小延迟: 10201 ms, 最高速率: 0.10 M/s, 平均速率: 0.00 M/s, 最高分辨率: 720x576, 平均帧率: 25.00, 视频编解码器: h264, 音频编解码器: mp2
分类: 📡卫视频道, 名称: 河北卫视, 有效: 0, IPv4: 5, IPv6: 0, 最小延迟: 10210 ms, 最高速率: 0.05 M/s, 平均速率: 0.00 M/s, 最高分辨率: 1920x1080, 平均帧率: 50.00, 视频编解码器: h264, 音频编解码器: mp2
分类: 📡卫视频道, 名称: 河南卫视, 有效: 0, IPv4: 4, IPv6: 0, 最小延迟: 10065 ms, 最高速率: 0.10 M/s, 平均速率: 0.00 M/s, 最高分辨率: 1920x1080, 平均帧率: 50.00, 视频编解码器: h264, 音频编解码器: mp2
分类: 📡卫视频道, 名称: 吉林卫视, 有效: 0, IPv4: 5, IPv6: 0, 最小延迟: 10152 ms, 最高速率: 0.20 M/s, 平均速率: 0.00 M/s, 最高分辨率: 1920x1080, 平均帧率: 41.67, 视频编解码器: h264, 音频编解码器: mp2
分类: 📡卫视频道, 名称: 江苏卫视, 有效: 0, IPv4: 5, IPv6: 0, 最小延迟: 10056 ms, 最高速率: 0.10 M/s, 平均速率: 0.00 M/s, 最高分辨率: 1920x1080, 平均帧率: 50.00, 视频编解码器: h264, 音频编解码器: mp2
分类: 📡卫视频道, 名称: 江西卫视, 有效: 0, IPv4: 5, IPv6: 0, 最小延迟: 10216 ms, 最高速率: 0.10 M/s, 平均速率: 0.00 M/s, 最高分辨率: 1920x1080, 平均帧率: 50.00, 视频编解码器: h264, 音频编解码器: mp2
分类: 📡卫视频道, 名称: 辽宁卫视, 有效: 0, IPv4: 5, IPv6: 0, 最小延迟: 10177 ms, 最高速率: 0.25 M/s, 平均速率: 0.00 M/s, 最高分辨率: 1920x1080, 平均帧率: 37.50, 视频编解码器: h264, 音频编解码器: mp2
分类: 📡卫视频道, 名称: 内蒙古卫视, 有效: 0, IPv4: 5, IPv6: 0, 最小延迟: 10911 ms, 最高速率: 0.14 M/s, 平均速率: 0.00 M/s, 最高分辨率: 1920x1080, 平均帧率: 50.00, 视频编解码器: h264, 音频编解码器: mp2
分类: 📡卫视频道, 名称: 宁夏卫视, 有效: 0, IPv4: 5, IPv6: 0, 最小延迟: 3402 ms, 最高速率: 0.42 M/s, 平均速率: 0.00 M/s, 最高分辨率: 720x576, 平均帧率: 37.50, 视频编解码器: h264, 音频编解码器: mp2
分类: 📡卫视频道, 名称: 青海卫视, 有效: 0, IPv4: 3, IPv6: 0, 最小延迟: 10010 ms, 最高速率: 0.08 M/s, 平均速率: 0.00 M/s, 最高分辨率: 720x576, 平均帧率: 50.00, 视频编解码器: h264, 音频编解码器: mp2
分类: 📡卫视频道, 名称: 山东卫视, 有效: 0, IPv4: 5, IPv6: 0, 最小延迟: 5887 ms, 最高速率: 0.52 M/s, 平均速率: 0.00 M/s, 最高分辨率: 1920x1080, 平均帧率: 50.00, 视频编解码器: h264, 音频编解码器: mp2
分类: 📡卫视频道, 名称: 陕西卫视, 有效: 0, IPv4: 1, IPv6: 0, 最小延迟: 10556 ms, 最高速率: 0.06 M/s, 平均速率: 0.00 M/s, 最高分辨率: 1920x1080, 平均帧率: 50.00, 视频编解码器: h264, 音频编解码器: mp2
分类: 📡卫视频道, 名称: 山西卫视, 有效: 0, IPv4: 2, IPv6: 0, 最小延迟: 8652 ms, 最高速率: 0.06 M/s, 平均速率: 0.00 M/s, 最高分辨率: 720x576, 平均帧率: 25.00, 视频编解码器: mpeg2video, 音频编解码器: mp2
分类: 📡卫视频道, 名称: 四川卫视, 有效: 0, IPv4: 6, IPv6: 0, 最小延迟: 10050 ms, 最高速率: 0.19 M/s, 平均速率: 0.00 M/s, 最高分辨率: 1920x1080, 平均帧率: 37.50, 视频编解码器: h264, 音频编解码器: ac3
分类: 📡卫视频道, 名称: 天津卫视, 有效: 0, IPv4: 5, IPv6: 0, 最小延迟: 10375 ms, 最高速率: 0.05 M/s, 平均速率: 0.00 M/s, 最高分辨率: 1920x1080, 平均帧率: 50.00, 视频编解码器: h264, 音频编解码器: mp2
分类: 📡卫视频道, 名称: 深圳卫视, 有效: 1, IPv4: 5, IPv6: 0, 最小延迟: 3941 ms, 最高速率: 0.63 M/s, 平均速率: 0.63 M/s, 最高分辨率: 1920x1080, 平均帧率: 34.99, 视频编解码器: h264, 音频编解码器: aac
分类: 📡卫视频道, 名称: 西藏卫视, 有效: 0, IPv4: 3, IPv6: 0, 最小延迟: 10204 ms, 最高速率: 0.06 M/s, 平均速率: 0.00 M/s, 最高分辨率: 720x576, 平均帧率: 25.00, 视频编解码器: h264, 音频编解码器: mp2
分类: 📡卫视频道, 名称: 新疆卫视, 有效: 0, IPv4: 5, IPv6: 0, 最小延迟: 3568 ms, 最高速率: 0.18 M/s, 平均速率: 0.00 M/s, 最高分辨率: 1920x1080, 平均帧率: 31.25, 视频编解码器: h264, 音频编解码器: aac
分类: 📡卫视频道, 名称: 云南卫视, 有效: 0, IPv4: 5, IPv6: 0, 最小延迟: 10040 ms, 最高速率: 0.23 M/s, 平均速率: 0.00 M/s, 最高分辨率: 1920x1080, 平均帧率: 37.50, 视频编解码器: h264, 音频编解码器: mp2
